// Jest Snapshot v1, https://goo.gl/fbAQLP

exports[`renders as expected 1`] = `
<div>
  <mock-notifier />
  <div
    id="app"
  >
    <mock-navbar
      isalertformopen="false"
    />
    <mock-mapview
      isalertformopen="false"
    />
    <mock-authmodal />
  </div>
</div>
`;
