// Jest Snapshot v1, https://goo.gl/fbAQLP

exports[`renders as expected 1`] = `
<div>
  <div
    class="MuiGrid-root MapView-container-1 MuiGrid-item"
  >
    <div
      class="MapView-loading-3"
    >
      <mock-circularprogress
        size="100"
      />
    </div>
    <div
      style="height: 100%;"
    />
    <div
      class="MuiGrid-root MapView-buttonContainer-2 MuiGrid-container MuiGrid-justify-xs-space-between"
    >
      <div
        class="MuiGrid-root MuiGrid-item"
      >
        <div
          class="MuiGrid-root MuiGrid-container MuiGrid-spacing-xs-1"
        >
          <mock-analyser />
          <div
            class="MuiGrid-root MuiGrid-item"
          >
            <mock-button
              color="primary"
              variant="contained"
            >
              <mock-visibility
                fontsize="small"
              />
              <mock-hidden
                smdown="true"
              >
                <mock-typography
                  classname="InfoBox-label-4"
                  variant="body2"
                >
                  Info
                </mock-typography>
              </mock-hidden>
            </mock-button>
          </div>
        </div>
      </div>
      <div
        class="MuiGrid-root MuiGrid-item"
      >
        <div
          class="MuiGrid-root MuiGrid-container MuiGrid-spacing-xs-1"
        >
          <mock-download />
          <mock-legends
            layers="[object Object],[object Object]"
          />
        </div>
      </div>
    </div>
  </div>
</div>
`;
