// Jest Snapshot v1, https://goo.gl/fbAQLP

exports[`renders as expected 1`] = `
<div>
  <mock-appbar
    classname="NavBar-appBar-2"
    position="static"
  >
    <mock-toolbar
      variant="dense"
    >
      <mock-hidden
        smdown="true"
      >
        <div
          class="NavBar-navbarContainer-9"
        >
          <div
            class="NavBar-leftSideContainer-10"
          >
            <div
              class="NavBar-titleContainer-11"
            >
              <div
                class="MuiBox-root MuiBox-root-14"
              >
                <mock-typography
                  classname="NavBar-title-3"
                  variant="h6"
                >
                  PRISM
                </mock-typography>
              </div>
            </div>
            <div
              class="NavBar-panelsContainer-12"
            >
              <mock-button
                starticon="[object Object]"
              >
                Layers
              </mock-button>
              <mock-button
                starticon="[object Object]"
              >
                Charts
              </mock-button>
              <mock-button
                starticon="[object Object]"
              >
                Analysis
              </mock-button>
              <mock-button
                starticon="[object Object]"
              >
                Go To
              </mock-button>
              <mock-menu
                keepmounted="true"
                open="false"
              />
            </div>
          </div>
          <div
            class="NavBar-rightSideContainer-13"
          >
            <mock-button
              classname="memo-triggerButton-22"
              color="primary"
              starticon="[object Object]"
              style="background-color: rgb(99, 178, 189);"
            >
              <mock-hidden
                smdown="true"
              >
                <mock-typography
                  style="color: black;"
                  variant="body2"
                >
                  Legend
                </mock-typography>
              </mock-hidden>
            </mock-button>
            <mock-list
              classname="memo-list-23"
              id="legend-list"
            />
            <mock-printimage />
            <a
              aria-disabled="false"
              class="MuiButtonBase-root MuiIconButton-root"
              href="https://github.com/wfp-VAM/prism-app"
              tabindex="0"
              target="_blank"
            >
              <span
                class="MuiIconButton-label"
              >
                <svg
                  aria-hidden="true"
                  class="svg-inline--fa fa-github fa-w-16 "
                  data-icon="github"
                  data-prefix="fab"
                  focusable="false"
                  font-size="20px"
                  role="img"
                  viewBox="0 0 496 512"
                  xmlns="http://www.w3.org/2000/svg"
                >
                  <path
                    d="M165.9 397.4c0 2-2.3 3.6-5.2 3.6-3.3.3-5.6-1.3-5.6-3.6 0-2 2.3-3.6 5.2-3.6 3-.3 5.6 1.3 5.6 3.6zm-31.1-4.5c-.7 2 1.3 4.3 4.3 4.9 2.6 1 5.6 0 6.2-2s-1.3-4.3-4.3-5.2c-2.6-.7-5.5.3-6.2 2.3zm44.2-1.7c-2.9.7-4.9 2.6-4.6 4.9.3 2 2.9 3.3 5.9 2.6 2.9-.7 4.9-2.6 4.6-4.6-.3-1.9-3-3.2-5.9-2.9zM244.8 8C106.1 8 0 113.3 0 252c0 110.9 69.8 205.8 169.5 239.2 12.8 2.3 17.3-5.6 17.3-12.1 0-6.2-.3-40.4-.3-61.4 0 0-70 15-84.7-29.8 0 0-11.4-29.1-27.8-36.6 0 0-22.9-15.7 1.6-15.4 0 0 24.9 2 38.6 25.8 21.9 38.6 58.6 27.5 72.9 20.9 2.3-16 8.8-27.1 16-33.7-55.9-6.2-112.3-14.3-112.3-110.5 0-27.5 7.6-41.3 23.6-58.9-2.6-6.5-11.1-33.3 2.6-67.9 20.9-6.5 69 27 69 27 20-5.6 41.5-8.5 62.8-8.5s42.8 2.9 62.8 8.5c0 0 48.1-33.6 69-27 13.7 34.7 5.2 61.4 2.6 67.9 16 17.7 25.8 31.5 25.8 58.9 0 96.5-58.9 104.2-114.8 110.5 9.2 7.9 17 22.9 17 46.4 0 33.7-.3 75.4-.3 83.6 0 6.5 4.6 14.4 17.3 12.1C428.2 457.8 496 362.9 496 252 496 113.3 383.5 8 244.8 8zM97.2 352.9c-1.3 1-1 3.3.7 5.2 1.6 1.6 3.9 2.3 5.2 1 1.3-1 1-3.3-.7-5.2-1.6-1.6-3.9-2.3-5.2-1zm-10.8-8.1c-.7 1.3.3 2.9 2.3 3.9 1.6 1 3.6.7 4.3-.7.7-1.3-.3-2.9-2.3-3.9-2-.6-3.6-.3-4.3.7zm32.4 35.6c-1.6 1.3-1 4.3 1.3 6.2 2.3 2.3 5.2 2.6 6.5 1 1.3-1.3.7-4.3-1.3-6.2-2.2-2.3-5.2-2.6-6.5-1zm-11.4-14.7c-1.6 1-1.6 3.6 0 5.9 1.6 2.3 4.3 3.3 5.6 2.3 1.6-1.3 1.6-3.9 0-6.2-1.4-2.3-4-3.3-5.6-2z"
                    fill="currentColor"
                  />
                </svg>
              </span>
              <span
                class="MuiTouchRipple-root"
              />
            </a>
            <mock-button
              component="a"
              href="https://innovation.wfp.org/project/prism"
              starticon="[object Object]"
              style="font-size: 1.25rem;"
              target="_blank"
            >
              <mock-typography
                variant="body2"
              >
                About
              </mock-typography>
            </mock-button>
            <mock-button
              endicon="[object Object]"
              style="padding-left: 0px;"
            >
              <mock-typography
                variant="body2"
              >
                en
              </mock-typography>
            </mock-button>
            <mock-menu
              classname="LanguageSelector-block-25"
              open="false"
            >
              <mock-menuitem>
                <mock-typography
                  style="color: black;"
                  variant="body2"
                >
                  en
                </mock-typography>
              </mock-menuitem>
              <mock-menuitem>
                <mock-typography
                  style="color: black;"
                  variant="body2"
                >
                  pt
                </mock-typography>
              </mock-menuitem>
            </mock-menu>
          </div>
        </div>
      </mock-hidden>
      <mock-hidden
        mdup="true"
      >
        <div
          class="MuiGrid-root NavBar-mobileMenuContainer-8 MuiGrid-item MuiGrid-grid-xs-6"
        >
          <mock-button
            aria-haspopup="true"
            classname="NavBar-menuBars-7"
          >
            <svg
              aria-hidden="true"
              class="svg-inline--fa fa-bars fa-w-14 "
              data-icon="bars"
              data-prefix="fas"
              focusable="false"
              role="img"
              viewBox="0 0 448 512"
              xmlns="http://www.w3.org/2000/svg"
            >
              <path
                d="M16 132h416c8.837 0 16-7.163 16-16V76c0-8.837-7.163-16-16-16H16C7.163 60 0 67.163 0 76v40c0 8.837 7.163 16 16 16zm0 160h416c8.837 0 16-7.163 16-16v-40c0-8.837-7.163-16-16-16H16c-8.837 0-16 7.163-16 16v40c0 8.837 7.163 16 16 16zm0 160h416c8.837 0 16-7.163 16-16v-40c0-8.837-7.163-16-16-16H16c-8.837 0-16 7.163-16 16v40c0 8.837 7.163 16 16 16z"
                fill="currentColor"
              />
            </svg>
          </mock-button>
          <mock-drawer
            anchor="right"
            open="false"
          >
            <div
              class="MuiGrid-root NavBar-mobileDrawerContent-6 MuiGrid-container MuiGrid-spacing-xs-3"
            >
              <mock-printimage />
              <a
                aria-disabled="false"
                class="MuiButtonBase-root MuiIconButton-root"
                href="https://github.com/wfp-VAM/prism-app"
                tabindex="0"
                target="_blank"
              >
                <span
                  class="MuiIconButton-label"
                >
                  <svg
                    aria-hidden="true"
                    class="svg-inline--fa fa-github fa-w-16 "
                    data-icon="github"
                    data-prefix="fab"
                    focusable="false"
                    font-size="20px"
                    role="img"
                    viewBox="0 0 496 512"
                    xmlns="http://www.w3.org/2000/svg"
                  >
                    <path
                      d="M165.9 397.4c0 2-2.3 3.6-5.2 3.6-3.3.3-5.6-1.3-5.6-3.6 0-2 2.3-3.6 5.2-3.6 3-.3 5.6 1.3 5.6 3.6zm-31.1-4.5c-.7 2 1.3 4.3 4.3 4.9 2.6 1 5.6 0 6.2-2s-1.3-4.3-4.3-5.2c-2.6-.7-5.5.3-6.2 2.3zm44.2-1.7c-2.9.7-4.9 2.6-4.6 4.9.3 2 2.9 3.3 5.9 2.6 2.9-.7 4.9-2.6 4.6-4.6-.3-1.9-3-3.2-5.9-2.9zM244.8 8C106.1 8 0 113.3 0 252c0 110.9 69.8 205.8 169.5 239.2 12.8 2.3 17.3-5.6 17.3-12.1 0-6.2-.3-40.4-.3-61.4 0 0-70 15-84.7-29.8 0 0-11.4-29.1-27.8-36.6 0 0-22.9-15.7 1.6-15.4 0 0 24.9 2 38.6 25.8 21.9 38.6 58.6 27.5 72.9 20.9 2.3-16 8.8-27.1 16-33.7-55.9-6.2-112.3-14.3-112.3-110.5 0-27.5 7.6-41.3 23.6-58.9-2.6-6.5-11.1-33.3 2.6-67.9 20.9-6.5 69 27 69 27 20-5.6 41.5-8.5 62.8-8.5s42.8 2.9 62.8 8.5c0 0 48.1-33.6 69-27 13.7 34.7 5.2 61.4 2.6 67.9 16 17.7 25.8 31.5 25.8 58.9 0 96.5-58.9 104.2-114.8 110.5 9.2 7.9 17 22.9 17 46.4 0 33.7-.3 75.4-.3 83.6 0 6.5 4.6 14.4 17.3 12.1C428.2 457.8 496 362.9 496 252 496 113.3 383.5 8 244.8 8zM97.2 352.9c-1.3 1-1 3.3.7 5.2 1.6 1.6 3.9 2.3 5.2 1 1.3-1 1-3.3-.7-5.2-1.6-1.6-3.9-2.3-5.2-1zm-10.8-8.1c-.7 1.3.3 2.9 2.3 3.9 1.6 1 3.6.7 4.3-.7.7-1.3-.3-2.9-2.3-3.9-2-.6-3.6-.3-4.3.7zm32.4 35.6c-1.6 1.3-1 4.3 1.3 6.2 2.3 2.3 5.2 2.6 6.5 1 1.3-1.3.7-4.3-1.3-6.2-2.2-2.3-5.2-2.6-6.5-1zm-11.4-14.7c-1.6 1-1.6 3.6 0 5.9 1.6 2.3 4.3 3.3 5.6 2.3 1.6-1.3 1.6-3.9 0-6.2-1.4-2.3-4-3.3-5.6-2z"
                      fill="currentColor"
                    />
                  </svg>
                </span>
                <span
                  class="MuiTouchRipple-root"
                />
              </a>
              <mock-button
                component="a"
                href="https://innovation.wfp.org/project/prism"
                starticon="[object Object]"
                style="font-size: 1.25rem;"
                target="_blank"
              >
                <mock-typography
                  variant="body2"
                >
                  About
                </mock-typography>
              </mock-button>
              <mock-button
                endicon="[object Object]"
                style="padding-left: 0px;"
              >
                <mock-typography
                  variant="body2"
                >
                  en
                </mock-typography>
              </mock-button>
              <mock-menu
                classname="LanguageSelector-block-25"
                open="false"
              >
                <mock-menuitem>
                  <mock-typography
                    style="color: black;"
                    variant="body2"
                  >
                    en
                  </mock-typography>
                </mock-menuitem>
                <mock-menuitem>
                  <mock-typography
                    style="color: black;"
                    variant="body2"
                  >
                    pt
                  </mock-typography>
                </mock-menuitem>
              </mock-menu>
            </div>
          </mock-drawer>
        </div>
      </mock-hidden>
    </mock-toolbar>
  </mock-appbar>
</div>
`;
